
Thanks for using JUnit! Support its development at https://junit.org/sponsoring

Invalid position
[36m.[0m
[36m+--[0m [36mJUnit Platform Suite[0m [32m[OK][0m
[36m+--[0m [36mJUnit Jupiter[0m [32m[OK][0m
[36m| '--[0m [36mLinkedListTest[0m [32m[OK][0m
[36m|   +--[0m [34mtestSearchNotFound()[0m [32m[OK][0m
[36m|   +--[0m [34mtestFindMiddleOdd()[0m [32m[OK][0m
[36m|   +--[0m [34mtestSearchFound()[0m [32m[OK][0m
[36m|   +--[0m [31mtestInsertAtPosition()[0m [31m[X][0m [31mexpected: <3> but was: <2>[0m
[36m|   +--[0m [34mtestIsEmptyInitially()[0m [32m[OK][0m
[36m|   +--[0m [34mtestDeleteAtHead()[0m [32m[OK][0m
[36m|   +--[0m [31mtestDeleteAtTail()[0m [31m[X][0m [31mexpected: <2> but was: <1>[0m
[36m|   +--[0m [34mtestFindMiddleEmptyList()[0m [32m[OK][0m
[36m|   +--[0m [34mtestReverse()[0m [32m[OK][0m
[36m|   +--[0m [31mtestFindMiddleEven()[0m [31m[X][0m [31mexpected: <20> but was: <30>[0m
[36m|   +--[0m [34mtestInsertAtHead()[0m [32m[OK][0m
[36m|   +--[0m [31mtestInsertAtTail()[0m [31m[X][0m [31mexpected: <3> but was: <1>[0m
[36m|   '--[0m [31mtestDeleteAtPosition()[0m [31m[X][0m [31mexpected: <30> but was: <20>[0m
[36m'--[0m [36mJUnit Vintage[0m [32m[OK][0m

Failures (5):
  JUnit Jupiter:LinkedListTest:testInsertAtPosition()
    MethodSource [className = 'test.java.LinkedListTest', methodName = 'testInsertAtPosition', methodParameterTypes = '']
    => org.opentest4j.AssertionFailedError: expected: <3> but was: <2>
       org.junit.jupiter.api.AssertionFailureBuilder.build(AssertionFailureBuilder.java:151)
       org.junit.jupiter.api.AssertionFailureBuilder.buildAndThrow(AssertionFailureBuilder.java:132)
       org.junit.jupiter.api.AssertEquals.failNotEqual(AssertEquals.java:197)
       org.junit.jupiter.api.AssertEquals.assertEquals(AssertEquals.java:150)
       org.junit.jupiter.api.AssertEquals.assertEquals(AssertEquals.java:145)
       org.junit.jupiter.api.Assertions.assertEquals(Assertions.java:531)
       test.java.LinkedListTest.testInsertAtPosition(LinkedListTest.java:52)
       java.base/java.lang.reflect.Method.invoke(Unknown Source)
       java.base/java.util.ArrayList.forEach(Unknown Source)
       java.base/java.util.ArrayList.forEach(Unknown Source)
  JUnit Jupiter:LinkedListTest:testDeleteAtTail()
    MethodSource [className = 'test.java.LinkedListTest', methodName = 'testDeleteAtTail', methodParameterTypes = '']
    => org.opentest4j.AssertionFailedError: expected: <2> but was: <1>
       org.junit.jupiter.api.AssertionFailureBuilder.build(AssertionFailureBuilder.java:151)
       org.junit.jupiter.api.AssertionFailureBuilder.buildAndThrow(AssertionFailureBuilder.java:132)
       org.junit.jupiter.api.AssertEquals.failNotEqual(AssertEquals.java:197)
       org.junit.jupiter.api.AssertEquals.assertEquals(AssertEquals.java:150)
       org.junit.jupiter.api.AssertEquals.assertEquals(AssertEquals.java:145)
       org.junit.jupiter.api.Assertions.assertEquals(Assertions.java:531)
       test.java.LinkedListTest.testDeleteAtTail(LinkedListTest.java:74)
       java.base/java.lang.reflect.Method.invoke(Unknown Source)
       java.base/java.util.ArrayList.forEach(Unknown Source)
       java.base/java.util.ArrayList.forEach(Unknown Source)
  JUnit Jupiter:LinkedListTest:testFindMiddleEven()
    MethodSource [className = 'test.java.LinkedListTest', methodName = 'testFindMiddleEven', methodParameterTypes = '']
    => org.opentest4j.AssertionFailedError: expected: <20> but was: <30>
       org.junit.jupiter.api.AssertionFailureBuilder.build(AssertionFailureBuilder.java:151)
       org.junit.jupiter.api.AssertionFailureBuilder.buildAndThrow(AssertionFailureBuilder.java:132)
       org.junit.jupiter.api.AssertEquals.failNotEqual(AssertEquals.java:197)
       org.junit.jupiter.api.AssertEquals.assertEquals(AssertEquals.java:150)
       org.junit.jupiter.api.AssertEquals.assertEquals(AssertEquals.java:145)
       org.junit.jupiter.api.Assertions.assertEquals(Assertions.java:531)
       test.java.LinkedListTest.testFindMiddleEven(LinkedListTest.java:131)
       java.base/java.lang.reflect.Method.invoke(Unknown Source)
       java.base/java.util.ArrayList.forEach(Unknown Source)
       java.base/java.util.ArrayList.forEach(Unknown Source)
  JUnit Jupiter:LinkedListTest:testInsertAtTail()
    MethodSource [className = 'test.java.LinkedListTest', methodName = 'testInsertAtTail', methodParameterTypes = '']
    => org.opentest4j.AssertionFailedError: expected: <3> but was: <1>
       org.junit.jupiter.api.AssertionFailureBuilder.build(AssertionFailureBuilder.java:151)
       org.junit.jupiter.api.AssertionFailureBuilder.buildAndThrow(AssertionFailureBuilder.java:132)
       org.junit.jupiter.api.AssertEquals.failNotEqual(AssertEquals.java:197)
       org.junit.jupiter.api.AssertEquals.assertEquals(AssertEquals.java:150)
       org.junit.jupiter.api.AssertEquals.assertEquals(AssertEquals.java:145)
       org.junit.jupiter.api.Assertions.assertEquals(Assertions.java:531)
       test.java.LinkedListTest.testInsertAtTail(LinkedListTest.java:43)
       java.base/java.lang.reflect.Method.invoke(Unknown Source)
       java.base/java.util.ArrayList.forEach(Unknown Source)
       java.base/java.util.ArrayList.forEach(Unknown Source)
  JUnit Jupiter:LinkedListTest:testDeleteAtPosition()
    MethodSource [className = 'test.java.LinkedListTest', methodName = 'testDeleteAtPosition', methodParameterTypes = '']
    => org.opentest4j.AssertionFailedError: expected: <30> but was: <20>
       org.junit.jupiter.api.AssertionFailureBuilder.build(AssertionFailureBuilder.java:151)
       org.junit.jupiter.api.AssertionFailureBuilder.buildAndThrow(AssertionFailureBuilder.java:132)
       org.junit.jupiter.api.AssertEquals.failNotEqual(AssertEquals.java:197)
       org.junit.jupiter.api.AssertEquals.assertEquals(AssertEquals.java:182)
       org.junit.jupiter.api.AssertEquals.assertEquals(AssertEquals.java:177)
       org.junit.jupiter.api.Assertions.assertEquals(Assertions.java:538)
       test.java.LinkedListTest.testDeleteAtPosition(LinkedListTest.java:84)
       java.base/java.lang.reflect.Method.invoke(Unknown Source)
       java.base/java.util.ArrayList.forEach(Unknown Source)
       java.base/java.util.ArrayList.forEach(Unknown Source)

Test run finished after 122 ms
[         4 containers found      ]
[         0 containers skipped    ]
[         4 containers started    ]
[         0 containers aborted    ]
[         4 containers successful ]
[         0 containers failed     ]
[        13 tests found           ]
[         0 tests skipped         ]
[        13 tests started         ]
[         0 tests aborted         ]
[         8 tests successful      ]
[         5 tests failed          ]

